[2026-09-01 02:32:30,468][HYDRA] Launching 1 jobs locally
[2026-09-01 02:32:30,468][HYDRA] 	#0 : task=sort_of_clevr experiment=sort_of_clevr/sync/thesis/canonical train.seed=0
wandb: [wandb.login()] Loaded credentials for https://api.wandb.ai from /home/nik/.netrc.
wandb: Currently logged in as: nikiwillems9 (niks_priv) to https://api.wandb.ai. Use `wandb login --relogin` to force relogin
wandb: Tracking run with wandb version 0.27.2
wandb: Run data is saved locally in /home/nik/workspace/ImperialWork/msc_project/SyncNetProject/outputs/sort_of_clevr/multirun/2026-09-01_02-32-30/0/wandb/run-20260901_023233-8r9261hg
wandb: Run `wandb offline` to turn off syncing.
wandb: Syncing run sort_of_clevr/busnet::multirun::2026-09-01_02-32-30::0
wandb: ⭐️ View project at https://wandb.ai/niks_priv/sort_of_clevr
wandb: 🚀 View run at https://wandb.ai/niks_priv/sort_of_clevr/runs/8r9261hg
[2026-09-01 02:32:33,987][__main__][INFO] - [RANK 0] Starting training
[2026-09-01 02:32:33,988][__main__][INFO] - [RANK 0] Model: BusNet
[2026-09-01 02:32:33,988][__main__][INFO] - [RANK 0] Parameters: total=347906
[2026-09-01 02:32:33,990][__main__][INFO] - [RANK 0] Config:
train:
  seed: 0
  n_steps: 100000
  train_bs: 256
  val_bs: 1024
  early_stop_metric: loss
  early_stop_big_is_better: false
  early_stop_patience: 1000000
  early_stop_min_delta: 0.0
  mixed_precision: bf16
  compile_model: true
  grad_accum: 1
  grad_clip: 1.0
  loader_mode: gpu_cached
  num_workers: 0
logging:
  eval_log_interval: 500
  train_log_interval: 500
  info_metrics:
  - loss
  - accuracy
  save_best: true
wandb:
  enabled: true
  project_name: sort_of_clevr
  entity: niks_priv
  tags:
  - v16
  run_name: null
optim:
  optimiser: adamw
  lr: 0.0003
  weight_decay: 0.01
  lr_scheduler: warmup_cosine
  lr_scheduler_params:
    warmup_steps: 2000
dataset:
  name: sort_of_clevr
  root: ./data
  dir: sort_of_clevr-seed1-train36000-test1000-q10-t-1
  seed: 1
  train_size: 36000
  test_size: 1000
  nb_questions: 10
  t_subtype: -1
model:
  name: busnet
  n_modules: 6
  module_dim: 96
  msg_dim: 4
  phase_dim: 6
  t_bus: 8
  dt: 0.5
  medium: bus
  gate: attn
  addresses: computed
  q_onehot_vocab: null
callbacks:
- name: accuracy
- name: interventions

[2026-09-01 02:32:33,990][__main__][INFO] - [RANK 0] Full model:
BusNet(
  (field_enc): FieldEncoder(
    (net): Sequential(
      (0): Conv2d(3, 48, kernel_size=(3, 3), stride=(2, 2), padding=(1, 1))
      (1): GroupNorm(8, 48, eps=1e-05, affine=True, bias=True)
      (2): SiLU()
      (3): Conv2d(48, 48, kernel_size=(3, 3), stride=(2, 2), padding=(1, 1))
      (4): GroupNorm(8, 48, eps=1e-05, affine=True, bias=True)
      (5): SiLU()
      (6): Conv2d(48, 48, kernel_size=(3, 3), stride=(1, 1), padding=(1, 1))
      (7): GroupNorm(8, 48, eps=1e-05, affine=True, bias=True)
      (8): SiLU()
      (9): Conv2d(48, 64, kernel_size=(3, 3), stride=(1, 1), padding=(1, 1))
    )
  )
  (field): OscillatorField(
    (z_head): Conv2d(64, 64, kernel_size=(1, 1), stride=(1, 1))
    (stim): Conv2d(64, 64, kernel_size=(1, 1), stride=(1, 1))
    (J): Conv2d(64, 64, kernel_size=(5, 5), stride=(1, 1), padding=(2, 2), bias=False)
  )
  (binder): CompetitiveClaim(
    (to_slot): Sequential(
      (0): LayerNorm((64,), eps=1e-05, elementwise_affine=True, bias=True)
      (1): Linear(in_features=64, out_features=64, bias=True)
    )
  )
  (anchor_to_phase): Linear(in_features=64, out_features=6, bias=True)
  (pathways): QuestionPathways(
    (grid_film_gamma): Linear(in_features=18, out_features=64, bias=True)
    (grid_film_beta): Linear(in_features=18, out_features=64, bias=True)
    (grid_norm): GroupNorm(8, 64, eps=1e-05, affine=True, bias=True)
    (film_gamma): Linear(in_features=18, out_features=64, bias=True)
    (film_beta): Linear(in_features=18, out_features=64, bias=True)
    (norm): LayerNorm((64,), eps=1e-05, elementwise_affine=True, bias=True)
    (h_init): Sequential(
      (0): Linear(in_features=18, out_features=64, bias=True)
      (1): GELU(approximate='none')
      (2): Linear(in_features=64, out_features=576, bias=True)
    )
    (head_init): Sequential(
      (0): Linear(in_features=18, out_features=64, bias=True)
      (1): GELU(approximate='none')
      (2): Linear(in_features=64, out_features=96, bias=True)
    )
  )
  (medium): SharedBus(
    (msg_proj): Linear(in_features=96, out_features=4, bias=True)
  )
  (identity): Exchangeable(
    (cell): GRUCell(88, 96)
  )
  (dynamics): KuramotoStep(
    (k_mlp): Sequential(
      (0): Linear(in_features=192, out_features=64, bias=True)
      (1): GELU(approximate='none')
      (2): Linear(in_features=64, out_features=1, bias=True)
      (3): Tanh()
    )
    (stim): Linear(in_features=96, out_features=6, bias=True)
    (gen): SkewGenerator()
  )
  (readout): HeadReadout(
    (head_out): Sequential(
      (0): Linear(in_features=114, out_features=128, bias=True)
      (1): GELU(approximate='none')
      (2): Linear(in_features=128, out_features=10, bias=True)
    )
    (prior_head): Sequential(
      (0): Linear(in_features=18, out_features=128, bias=True)
      (1): GELU(approximate='none')
      (2): Linear(in_features=128, out_features=10, bias=True)
    )
  )
)
[2026-09-01 02:32:55,469][__main__][INFO] - [RANK 0] [ Train | Step: 500    |  loss : 1.7600 | accuracy : 0.3213 | opt_sps : 23.2795  ]
[2026-09-01 02:33:17,640][__main__][INFO] - [RANK 0] [ Eval  | Step: 500    |  loss : 0.9434 | accuracy : 0.4925 | eval_s : 22.1699  ]
[2026-09-01 02:33:29,903][__main__][INFO] - [RANK 0] [ Train | Step: 1000   |  loss : 0.8997 | accuracy : 0.4882 | opt_sps : 29.6388  ]
[2026-09-01 02:33:30,484][__main__][INFO] - [RANK 0] [ Eval  | Step: 1000   |  loss : 0.8843 | accuracy : 0.4904 | eval_s : 0.5803  ]
[2026-09-01 02:33:42,627][__main__][INFO] - [RANK 0] [ Train | Step: 1500   |  loss : 0.8848 | accuracy : 0.4915 | opt_sps : 32.6929  ]
[2026-09-01 02:33:43,203][__main__][INFO] - [RANK 0] [ Eval  | Step: 1500   |  loss : 0.8804 | accuracy : 0.4887 | eval_s : 0.5749  ]
[2026-09-01 02:33:55,316][__main__][INFO] - [RANK 0] [ Train | Step: 2000   |  loss : 0.8824 | accuracy : 0.4914 | opt_sps : 34.4867  ]
[2026-09-01 02:33:55,891][__main__][INFO] - [RANK 0] [ Eval  | Step: 2000   |  loss : 0.8811 | accuracy : 0.4896 | eval_s : 0.5748  ]
[2026-09-01 02:34:08,011][__main__][INFO] - [RANK 0] [ Train | Step: 2500   |  loss : 0.8829 | accuracy : 0.4871 | opt_sps : 35.6567  ]
[2026-09-01 02:34:08,587][__main__][INFO] - [RANK 0] [ Eval  | Step: 2500   |  loss : 0.8780 | accuracy : 0.4909 | eval_s : 0.5755  ]
[2026-09-01 02:34:20,720][__main__][INFO] - [RANK 0] [ Train | Step: 3000   |  loss : 0.8797 | accuracy : 0.4896 | opt_sps : 36.4766  ]
[2026-09-01 02:34:21,296][__main__][INFO] - [RANK 0] [ Eval  | Step: 3000   |  loss : 0.8898 | accuracy : 0.4872 | eval_s : 0.5750  ]
[2026-09-01 02:34:33,409][__main__][INFO] - [RANK 0] [ Train | Step: 3500   |  loss : 0.8759 | accuracy : 0.4903 | opt_sps : 37.0929  ]
[2026-09-01 02:34:33,985][__main__][INFO] - [RANK 0] [ Eval  | Step: 3500   |  loss : 0.8792 | accuracy : 0.4863 | eval_s : 0.5749  ]
[2026-09-01 02:34:46,128][__main__][INFO] - [RANK 0] [ Train | Step: 4000   |  loss : 0.8782 | accuracy : 0.4934 | opt_sps : 37.5586  ]
[2026-09-01 02:34:46,704][__main__][INFO] - [RANK 0] [ Eval  | Step: 4000   |  loss : 0.8801 | accuracy : 0.4929 | eval_s : 0.5753  ]
[2026-09-01 02:35:46,966][__main__][INFO] - [RANK 0] [ Train | Step: 4500   |  loss : 0.8660 | accuracy : 0.5244 | opt_sps : 26.9846  ]
[2026-09-01 02:35:47,542][__main__][INFO] - [RANK 0] [ Eval  | Step: 4500   |  loss : 0.8473 | accuracy : 0.5380 | eval_s : 0.5750  ]
[2026-09-01 02:36:01,221][__main__][INFO] - [RANK 0] [ Train | Step: 5000   |  loss : 0.8146 | accuracy : 0.5635 | opt_sps : 27.7100  ]
[2026-09-01 02:36:01,797][__main__][INFO] - [RANK 0] [ Eval  | Step: 5000   |  loss : 0.8002 | accuracy : 0.5658 | eval_s : 0.5751  ]
[2026-09-01 02:36:16,018][__main__][INFO] - [RANK 0] [ Train | Step: 5500   |  loss : 0.7587 | accuracy : 0.5899 | opt_sps : 28.2545  ]
[2026-09-01 02:36:16,594][__main__][INFO] - [RANK 0] [ Eval  | Step: 5500   |  loss : 0.7392 | accuracy : 0.5944 | eval_s : 0.5757  ]
[2026-09-01 02:36:30,281][__main__][INFO] - [RANK 0] [ Train | Step: 6000   |  loss : 0.7471 | accuracy : 0.5914 | opt_sps : 28.7984  ]
[2026-09-01 02:36:30,859][__main__][INFO] - [RANK 0] [ Eval  | Step: 6000   |  loss : 0.7337 | accuracy : 0.5857 | eval_s : 0.5767  ]
[2026-09-01 02:36:44,579][__main__][INFO] - [RANK 0] [ Train | Step: 6500   |  loss : 0.7426 | accuracy : 0.5926 | opt_sps : 29.2708  ]
[2026-09-01 02:36:45,155][__main__][INFO] - [RANK 0] [ Eval  | Step: 6500   |  loss : 0.7286 | accuracy : 0.5949 | eval_s : 0.5755  ]
[2026-09-01 02:36:58,828][__main__][INFO] - [RANK 0] [ Train | Step: 7000   |  loss : 0.7476 | accuracy : 0.5914 | opt_sps : 29.6942  ]
[2026-09-01 02:36:59,405][__main__][INFO] - [RANK 0] [ Eval  | Step: 7000   |  loss : 0.7258 | accuracy : 0.5977 | eval_s : 0.5757  ]
[2026-09-01 02:37:13,074][__main__][INFO] - [RANK 0] [ Train | Step: 7500   |  loss : 0.7371 | accuracy : 0.5957 | opt_sps : 30.0717  ]
[2026-09-01 02:37:13,651][__main__][INFO] - [RANK 0] [ Eval  | Step: 7500   |  loss : 0.7297 | accuracy : 0.5938 | eval_s : 0.5760  ]
[2026-09-01 02:37:27,812][__main__][INFO] - [RANK 0] [ Train | Step: 8000   |  loss : 0.7397 | accuracy : 0.5928 | opt_sps : 30.3530  ]
[2026-09-01 02:37:28,388][__main__][INFO] - [RANK 0] [ Eval  | Step: 8000   |  loss : 0.7337 | accuracy : 0.5961 | eval_s : 0.5750  ]
[2026-09-01 02:37:41,992][__main__][INFO] - [RANK 0] [ Train | Step: 8500   |  loss : 0.7468 | accuracy : 0.5936 | opt_sps : 30.6672  ]
[2026-09-01 02:37:42,569][__main__][INFO] - [RANK 0] [ Eval  | Step: 8500   |  loss : 0.7504 | accuracy : 0.5959 | eval_s : 0.5763  ]
[2026-09-01 02:37:56,136][__main__][INFO] - [RANK 0] [ Train | Step: 9000   |  loss : 0.7468 | accuracy : 0.5919 | opt_sps : 30.9559  ]
[2026-09-01 02:37:56,713][__main__][INFO] - [RANK 0] [ Eval  | Step: 9000   |  loss : 0.7234 | accuracy : 0.6040 | eval_s : 0.5755  ]
[2026-09-01 02:38:10,373][__main__][INFO] - [RANK 0] [ Train | Step: 9500   |  loss : 0.7376 | accuracy : 0.5968 | opt_sps : 31.2094  ]
[2026-09-01 02:38:10,950][__main__][INFO] - [RANK 0] [ Eval  | Step: 9500   |  loss : 0.7509 | accuracy : 0.5961 | eval_s : 0.5761  ]
[2026-09-01 02:38:24,579][__main__][INFO] - [RANK 0] [ Train | Step: 10000  |  loss : 0.7316 | accuracy : 0.5974 | opt_sps : 31.4441  ]
[2026-09-01 02:38:25,156][__main__][INFO] - [RANK 0] [ Eval  | Step: 10000  |  loss : 0.7335 | accuracy : 0.6049 | eval_s : 0.5759  ]
[2026-09-01 02:38:39,322][__main__][INFO] - [RANK 0] [ Train | Step: 10500  |  loss : 0.7360 | accuracy : 0.5971 | opt_sps : 31.6083  ]
[2026-09-01 02:38:39,899][__main__][INFO] - [RANK 0] [ Eval  | Step: 10500  |  loss : 0.7348 | accuracy : 0.5951 | eval_s : 0.5763  ]
[2026-09-01 02:38:53,494][__main__][INFO] - [RANK 0] [ Train | Step: 11000  |  loss : 0.7362 | accuracy : 0.5954 | opt_sps : 31.8116  ]
[2026-09-01 02:38:54,071][__main__][INFO] - [RANK 0] [ Eval  | Step: 11000  |  loss : 0.7316 | accuracy : 0.5970 | eval_s : 0.5759  ]
[2026-09-01 02:39:07,736][__main__][INFO] - [RANK 0] [ Train | Step: 11500  |  loss : 0.7286 | accuracy : 0.5999 | opt_sps : 31.9932  ]
[2026-09-01 02:39:08,313][__main__][INFO] - [RANK 0] [ Eval  | Step: 11500  |  loss : 0.7268 | accuracy : 0.5941 | eval_s : 0.5757  ]
[2026-09-01 02:39:21,971][__main__][INFO] - [RANK 0] [ Train | Step: 12000  |  loss : 0.7363 | accuracy : 0.5948 | opt_sps : 32.1622  ]
[2026-09-01 02:39:22,548][__main__][INFO] - [RANK 0] [ Eval  | Step: 12000  |  loss : 0.7231 | accuracy : 0.5972 | eval_s : 0.5755  ]
[2026-09-01 02:39:36,136][__main__][INFO] - [RANK 0] [ Train | Step: 12500  |  loss : 0.7298 | accuracy : 0.5960 | opt_sps : 32.3251  ]
[2026-09-01 02:39:36,714][__main__][INFO] - [RANK 0] [ Eval  | Step: 12500  |  loss : 0.7226 | accuracy : 0.5964 | eval_s : 0.5761  ]
[2026-09-01 02:39:50,898][__main__][INFO] - [RANK 0] [ Train | Step: 13000  |  loss : 0.7257 | accuracy : 0.5980 | opt_sps : 32.4287  ]
[2026-09-01 02:39:51,474][__main__][INFO] - [RANK 0] [ Eval  | Step: 13000  |  loss : 0.7243 | accuracy : 0.5943 | eval_s : 0.5753  ]
[2026-09-01 02:40:05,040][__main__][INFO] - [RANK 0] [ Train | Step: 13500  |  loss : 0.7277 | accuracy : 0.5973 | opt_sps : 32.5736  ]
[2026-09-01 02:40:05,616][__main__][INFO] - [RANK 0] [ Eval  | Step: 13500  |  loss : 0.7220 | accuracy : 0.5972 | eval_s : 0.5759  ]
[2026-09-01 02:40:19,284][__main__][INFO] - [RANK 0] [ Train | Step: 14000  |  loss : 0.7260 | accuracy : 0.5988 | opt_sps : 32.7018  ]
[2026-09-01 02:40:19,860][__main__][INFO] - [RANK 0] [ Eval  | Step: 14000  |  loss : 0.7206 | accuracy : 0.6034 | eval_s : 0.5757  ]
[2026-09-01 02:40:33,997][__main__][INFO] - [RANK 0] [ Train | Step: 14500  |  loss : 0.7198 | accuracy : 0.6030 | opt_sps : 32.7871  ]
[2026-09-01 02:40:34,573][__main__][INFO] - [RANK 0] [ Eval  | Step: 14500  |  loss : 0.7213 | accuracy : 0.6044 | eval_s : 0.5753  ]
[2026-09-01 02:40:48,132][__main__][INFO] - [RANK 0] [ Train | Step: 15000  |  loss : 0.7187 | accuracy : 0.6054 | opt_sps : 32.9087  ]
[2026-09-01 02:40:48,709][__main__][INFO] - [RANK 0] [ Eval  | Step: 15000  |  loss : 0.7191 | accuracy : 0.5992 | eval_s : 0.5758  ]
[2026-09-01 02:41:02,342][__main__][INFO] - [RANK 0] [ Train | Step: 15500  |  loss : 0.7238 | accuracy : 0.6034 | opt_sps : 33.0182  ]
[2026-09-01 02:41:02,919][__main__][INFO] - [RANK 0] [ Eval  | Step: 15500  |  loss : 0.7216 | accuracy : 0.6033 | eval_s : 0.5761  ]
[2026-09-01 02:41:16,583][__main__][INFO] - [RANK 0] [ Train | Step: 16000  |  loss : 0.7210 | accuracy : 0.6007 | opt_sps : 33.1193  ]
[2026-09-01 02:41:17,160][__main__][INFO] - [RANK 0] [ Eval  | Step: 16000  |  loss : 0.7540 | accuracy : 0.5975 | eval_s : 0.5763  ]
[2026-09-01 02:41:30,822][__main__][INFO] - [RANK 0] [ Train | Step: 16500  |  loss : 0.7251 | accuracy : 0.6015 | opt_sps : 33.2150  ]
[2026-09-01 02:41:31,399][__main__][INFO] - [RANK 0] [ Eval  | Step: 16500  |  loss : 0.7298 | accuracy : 0.5991 | eval_s : 0.5760  ]
[2026-09-01 02:41:45,584][__main__][INFO] - [RANK 0] [ Train | Step: 17000  |  loss : 0.7270 | accuracy : 0.5994 | opt_sps : 33.2715  ]
[2026-09-01 02:41:46,160][__main__][INFO] - [RANK 0] [ Eval  | Step: 17000  |  loss : 0.7232 | accuracy : 0.6003 | eval_s : 0.5756  ]
[2026-09-01 02:41:59,816][__main__][INFO] - [RANK 0] [ Train | Step: 17500  |  loss : 0.7182 | accuracy : 0.6032 | opt_sps : 33.3585  ]
[2026-09-01 02:42:00,393][__main__][INFO] - [RANK 0] [ Eval  | Step: 17500  |  loss : 0.7182 | accuracy : 0.6040 | eval_s : 0.5759  ]
[2026-09-01 02:42:14,057][__main__][INFO] - [RANK 0] [ Train | Step: 18000  |  loss : 0.7204 | accuracy : 0.6029 | opt_sps : 33.4407  ]
[2026-09-01 02:42:14,634][__main__][INFO] - [RANK 0] [ Eval  | Step: 18000  |  loss : 0.7195 | accuracy : 0.6011 | eval_s : 0.5759  ]
[2026-09-01 02:42:28,763][__main__][INFO] - [RANK 0] [ Train | Step: 18500  |  loss : 0.7223 | accuracy : 0.6057 | opt_sps : 33.4905  ]
[2026-09-01 02:42:29,339][__main__][INFO] - [RANK 0] [ Eval  | Step: 18500  |  loss : 0.7192 | accuracy : 0.6048 | eval_s : 0.5755  ]
[2026-09-01 02:42:42,842][__main__][INFO] - [RANK 0] [ Train | Step: 19000  |  loss : 0.7184 | accuracy : 0.6032 | opt_sps : 33.5749  ]
[2026-09-01 02:42:43,419][__main__][INFO] - [RANK 0] [ Eval  | Step: 19000  |  loss : 0.7182 | accuracy : 0.6034 | eval_s : 0.5761  ]
[2026-09-01 02:42:57,051][__main__][INFO] - [RANK 0] [ Train | Step: 19500  |  loss : 0.7171 | accuracy : 0.6023 | opt_sps : 33.6480  ]
[2026-09-01 02:42:57,627][__main__][INFO] - [RANK 0] [ Eval  | Step: 19500  |  loss : 0.7205 | accuracy : 0.6000 | eval_s : 0.5757  ]
[2026-09-01 02:43:11,278][__main__][INFO] - [RANK 0] [ Train | Step: 20000  |  loss : 0.7181 | accuracy : 0.6032 | opt_sps : 33.7166  ]
[2026-09-01 02:43:11,855][__main__][INFO] - [RANK 0] [ Eval  | Step: 20000  |  loss : 0.7183 | accuracy : 0.6000 | eval_s : 0.5757  ]
[2026-09-01 02:43:25,926][__main__][INFO] - [RANK 0] [ Train | Step: 20500  |  loss : 0.7187 | accuracy : 0.6042 | opt_sps : 33.7586  ]
[2026-09-01 02:43:26,503][__main__][INFO] - [RANK 0] [ Eval  | Step: 20500  |  loss : 0.7342 | accuracy : 0.5949 | eval_s : 0.5758  ]
[2026-09-01 02:43:40,116][__main__][INFO] - [RANK 0] [ Train | Step: 21000  |  loss : 0.7171 | accuracy : 0.6037 | opt_sps : 33.8238  ]
[2026-09-01 02:43:40,693][__main__][INFO] - [RANK 0] [ Eval  | Step: 21000  |  loss : 0.7174 | accuracy : 0.6060 | eval_s : 0.5761  ]
[2026-09-01 02:43:54,345][__main__][INFO] - [RANK 0] [ Train | Step: 21500  |  loss : 0.7185 | accuracy : 0.6056 | opt_sps : 33.8841  ]
[2026-09-01 02:43:54,922][__main__][INFO] - [RANK 0] [ Eval  | Step: 21500  |  loss : 0.7470 | accuracy : 0.5984 | eval_s : 0.5760  ]
[2026-09-01 02:44:08,576][__main__][INFO] - [RANK 0] [ Train | Step: 22000  |  loss : 0.7168 | accuracy : 0.6051 | opt_sps : 33.9417  ]
[2026-09-01 02:44:09,153][__main__][INFO] - [RANK 0] [ Eval  | Step: 22000  |  loss : 0.7211 | accuracy : 0.6017 | eval_s : 0.5761  ]
[2026-09-01 02:44:22,835][__main__][INFO] - [RANK 0] [ Train | Step: 22500  |  loss : 0.7156 | accuracy : 0.6059 | opt_sps : 33.9955  ]
[2026-09-01 02:44:23,412][__main__][INFO] - [RANK 0] [ Eval  | Step: 22500  |  loss : 0.7189 | accuracy : 0.6049 | eval_s : 0.5756  ]
[2026-09-01 02:44:37,622][__main__][INFO] - [RANK 0] [ Train | Step: 23000  |  loss : 0.7171 | accuracy : 0.6052 | opt_sps : 34.0205  ]
[2026-09-01 02:44:38,199][__main__][INFO] - [RANK 0] [ Eval  | Step: 23000  |  loss : 0.7190 | accuracy : 0.6014 | eval_s : 0.5759  ]
[2026-09-01 02:44:51,808][__main__][INFO] - [RANK 0] [ Train | Step: 23500  |  loss : 0.7191 | accuracy : 0.6077 | opt_sps : 34.0742  ]
[2026-09-01 02:44:52,384][__main__][INFO] - [RANK 0] [ Eval  | Step: 23500  |  loss : 0.7166 | accuracy : 0.6045 | eval_s : 0.5756  ]
[2026-09-01 02:45:06,018][__main__][INFO] - [RANK 0] [ Train | Step: 24000  |  loss : 0.7154 | accuracy : 0.6042 | opt_sps : 34.1247  ]
[2026-09-01 02:45:06,594][__main__][INFO] - [RANK 0] [ Eval  | Step: 24000  |  loss : 0.7183 | accuracy : 0.6056 | eval_s : 0.5758  ]
[2026-09-01 02:45:20,260][__main__][INFO] - [RANK 0] [ Train | Step: 24500  |  loss : 0.7134 | accuracy : 0.6067 | opt_sps : 34.1716  ]
[2026-09-01 02:45:20,837][__main__][INFO] - [RANK 0] [ Eval  | Step: 24500  |  loss : 0.7174 | accuracy : 0.6052 | eval_s : 0.5757  ]
[2026-09-01 02:45:34,503][__main__][INFO] - [RANK 0] [ Train | Step: 25000  |  loss : 0.7163 | accuracy : 0.6046 | opt_sps : 34.2168  ]
[2026-09-01 02:45:35,080][__main__][INFO] - [RANK 0] [ Eval  | Step: 25000  |  loss : 0.7185 | accuracy : 0.6029 | eval_s : 0.5762  ]
[2026-09-01 02:45:49,329][__main__][INFO] - [RANK 0] [ Train | Step: 25500  |  loss : 0.7152 | accuracy : 0.6100 | opt_sps : 34.2335  ]
[2026-09-01 02:45:49,907][__main__][INFO] - [RANK 0] [ Eval  | Step: 25500  |  loss : 0.7204 | accuracy : 0.6020 | eval_s : 0.5763  ]
[2026-09-01 02:46:03,612][__main__][INFO] - [RANK 0] [ Train | Step: 26000  |  loss : 0.7164 | accuracy : 0.6051 | opt_sps : 34.2741  ]
[2026-09-01 02:46:04,190][__main__][INFO] - [RANK 0] [ Eval  | Step: 26000  |  loss : 0.7180 | accuracy : 0.6034 | eval_s : 0.5762  ]
[2026-09-01 02:46:17,775][__main__][INFO] - [RANK 0] [ Train | Step: 26500  |  loss : 0.7141 | accuracy : 0.6066 | opt_sps : 34.3186  ]
[2026-09-01 02:46:18,352][__main__][INFO] - [RANK 0] [ Eval  | Step: 26500  |  loss : 0.7171 | accuracy : 0.6054 | eval_s : 0.5761  ]
[2026-09-01 02:46:32,024][__main__][INFO] - [RANK 0] [ Train | Step: 27000  |  loss : 0.7175 | accuracy : 0.6049 | opt_sps : 34.3578  ]
[2026-09-01 02:46:32,601][__main__][INFO] - [RANK 0] [ Eval  | Step: 27000  |  loss : 0.7183 | accuracy : 0.6004 | eval_s : 0.5761  ]
[2026-09-01 02:46:46,275][__main__][INFO] - [RANK 0] [ Train | Step: 27500  |  loss : 0.7146 | accuracy : 0.6062 | opt_sps : 34.3956  ]
[2026-09-01 02:46:46,852][__main__][INFO] - [RANK 0] [ Eval  | Step: 27500  |  loss : 0.7145 | accuracy : 0.6089 | eval_s : 0.5764  ]
[2026-09-01 02:47:01,006][__main__][INFO] - [RANK 0] [ Train | Step: 28000  |  loss : 0.7136 | accuracy : 0.6070 | opt_sps : 34.4118  ]
[2026-09-01 02:47:01,583][__main__][INFO] - [RANK 0] [ Eval  | Step: 28000  |  loss : 0.7152 | accuracy : 0.6059 | eval_s : 0.5763  ]
[2026-09-01 02:47:15,250][__main__][INFO] - [RANK 0] [ Train | Step: 28500  |  loss : 0.7132 | accuracy : 0.6076 | opt_sps : 34.4477  ]
[2026-09-01 02:47:15,828][__main__][INFO] - [RANK 0] [ Eval  | Step: 28500  |  loss : 0.7177 | accuracy : 0.6081 | eval_s : 0.5769  ]
[2026-09-01 02:47:29,757][__main__][INFO] - [RANK 0] [ Train | Step: 29000  |  loss : 0.7145 | accuracy : 0.6064 | opt_sps : 34.4716  ]
[2026-09-01 02:47:30,335][__main__][INFO] - [RANK 0] [ Eval  | Step: 29000  |  loss : 0.7165 | accuracy : 0.6069 | eval_s : 0.5764  ]
[2026-09-01 02:47:44,501][__main__][INFO] - [RANK 0] [ Train | Step: 29500  |  loss : 0.7134 | accuracy : 0.6086 | opt_sps : 34.4853  ]
[2026-09-01 02:47:45,078][__main__][INFO] - [RANK 0] [ Eval  | Step: 29500  |  loss : 0.7181 | accuracy : 0.5999 | eval_s : 0.5762  ]
[2026-09-01 02:47:58,763][__main__][INFO] - [RANK 0] [ Train | Step: 30000  |  loss : 0.7149 | accuracy : 0.6058 | opt_sps : 34.5175  ]
[2026-09-01 02:47:59,340][__main__][INFO] - [RANK 0] [ Eval  | Step: 30000  |  loss : 0.7159 | accuracy : 0.6073 | eval_s : 0.5755  ]
[2026-09-01 02:48:13,052][__main__][INFO] - [RANK 0] [ Train | Step: 30500  |  loss : 0.7134 | accuracy : 0.6061 | opt_sps : 34.5478  ]
[2026-09-01 02:48:13,629][__main__][INFO] - [RANK 0] [ Eval  | Step: 30500  |  loss : 0.7163 | accuracy : 0.6060 | eval_s : 0.5760  ]
[2026-09-01 02:48:27,318][__main__][INFO] - [RANK 0] [ Train | Step: 31000  |  loss : 0.7155 | accuracy : 0.6088 | opt_sps : 34.5780  ]
[2026-09-01 02:48:27,894][__main__][INFO] - [RANK 0] [ Eval  | Step: 31000  |  loss : 0.7160 | accuracy : 0.6011 | eval_s : 0.5756  ]
[2026-09-01 02:48:41,550][__main__][INFO] - [RANK 0] [ Train | Step: 31500  |  loss : 0.7105 | accuracy : 0.6090 | opt_sps : 34.6086  ]
[2026-09-01 02:48:42,127][__main__][INFO] - [RANK 0] [ Eval  | Step: 31500  |  loss : 0.7154 | accuracy : 0.6052 | eval_s : 0.5757  ]
[2026-09-01 02:48:56,282][__main__][INFO] - [RANK 0] [ Train | Step: 32000  |  loss : 0.7148 | accuracy : 0.6061 | opt_sps : 34.6195  ]
[2026-09-01 02:48:56,858][__main__][INFO] - [RANK 0] [ Eval  | Step: 32000  |  loss : 0.7146 | accuracy : 0.6043 | eval_s : 0.5753  ]
[2026-09-01 02:49:10,447][__main__][INFO] - [RANK 0] [ Train | Step: 32500  |  loss : 0.7153 | accuracy : 0.6064 | opt_sps : 34.6510  ]
[2026-09-01 02:49:11,024][__main__][INFO] - [RANK 0] [ Eval  | Step: 32500  |  loss : 0.7167 | accuracy : 0.6057 | eval_s : 0.5758  ]
[2026-09-01 02:49:24,698][__main__][INFO] - [RANK 0] [ Train | Step: 33000  |  loss : 0.7128 | accuracy : 0.6093 | opt_sps : 34.6785  ]
[2026-09-01 02:49:25,275][__main__][INFO] - [RANK 0] [ Eval  | Step: 33000  |  loss : 0.7334 | accuracy : 0.6019 | eval_s : 0.5753  ]
[2026-09-01 02:49:39,477][__main__][INFO] - [RANK 0] [ Train | Step: 33500  |  loss : 0.7097 | accuracy : 0.6100 | opt_sps : 34.6862  ]
[2026-09-01 02:49:40,054][__main__][INFO] - [RANK 0] [ Eval  | Step: 33500  |  loss : 0.7156 | accuracy : 0.6109 | eval_s : 0.5761  ]
[2026-09-01 02:49:53,672][__main__][INFO] - [RANK 0] [ Train | Step: 34000  |  loss : 0.7098 | accuracy : 0.6124 | opt_sps : 34.7145  ]
[2026-09-01 02:49:54,248][__main__][INFO] - [RANK 0] [ Eval  | Step: 34000  |  loss : 0.7086 | accuracy : 0.6119 | eval_s : 0.5753  ]
[2026-09-01 02:50:07,875][__main__][INFO] - [RANK 0] [ Train | Step: 34500  |  loss : 0.7096 | accuracy : 0.6126 | opt_sps : 34.7416  ]
[2026-09-01 02:50:08,451][__main__][INFO] - [RANK 0] [ Eval  | Step: 34500  |  loss : 0.7045 | accuracy : 0.6121 | eval_s : 0.5751  ]
[2026-09-01 02:50:22,103][__main__][INFO] - [RANK 0] [ Train | Step: 35000  |  loss : 0.6985 | accuracy : 0.6176 | opt_sps : 34.7672  ]
[2026-09-01 02:50:22,680][__main__][INFO] - [RANK 0] [ Eval  | Step: 35000  |  loss : 0.7111 | accuracy : 0.6129 | eval_s : 0.5763  ]
[2026-09-01 02:50:36,283][__main__][INFO] - [RANK 0] [ Train | Step: 35500  |  loss : 0.6942 | accuracy : 0.6186 | opt_sps : 34.7937  ]
[2026-09-01 02:50:36,859][__main__][INFO] - [RANK 0] [ Eval  | Step: 35500  |  loss : 0.6969 | accuracy : 0.6192 | eval_s : 0.5754  ]
[2026-09-01 02:50:50,942][__main__][INFO] - [RANK 0] [ Train | Step: 36000  |  loss : 0.6903 | accuracy : 0.6222 | opt_sps : 34.8035  ]
[2026-09-01 02:50:51,519][__main__][INFO] - [RANK 0] [ Eval  | Step: 36000  |  loss : 0.6943 | accuracy : 0.6185 | eval_s : 0.5760  ]
[2026-09-01 02:51:05,127][__main__][INFO] - [RANK 0] [ Train | Step: 36500  |  loss : 0.6877 | accuracy : 0.6225 | opt_sps : 34.8287  ]
[2026-09-01 02:51:05,704][__main__][INFO] - [RANK 0] [ Eval  | Step: 36500  |  loss : 0.6830 | accuracy : 0.6260 | eval_s : 0.5761  ]
[2026-09-01 02:51:19,876][__main__][INFO] - [RANK 0] [ Train | Step: 37000  |  loss : 0.6788 | accuracy : 0.6313 | opt_sps : 34.8348  ]
[2026-09-01 02:51:20,453][__main__][INFO] - [RANK 0] [ Eval  | Step: 37000  |  loss : 0.6785 | accuracy : 0.6258 | eval_s : 0.5759  ]
[2026-09-01 02:51:34,121][__main__][INFO] - [RANK 0] [ Train | Step: 37500  |  loss : 0.6739 | accuracy : 0.6305 | opt_sps : 34.8570  ]
[2026-09-01 02:51:34,698][__main__][INFO] - [RANK 0] [ Eval  | Step: 37500  |  loss : 0.6740 | accuracy : 0.6306 | eval_s : 0.5763  ]
[2026-09-01 02:51:48,360][__main__][INFO] - [RANK 0] [ Train | Step: 38000  |  loss : 0.6665 | accuracy : 0.6355 | opt_sps : 34.8789  ]
[2026-09-01 02:51:48,937][__main__][INFO] - [RANK 0] [ Eval  | Step: 38000  |  loss : 0.6713 | accuracy : 0.6360 | eval_s : 0.5759  ]
[2026-09-01 02:52:02,592][__main__][INFO] - [RANK 0] [ Train | Step: 38500  |  loss : 0.6606 | accuracy : 0.6420 | opt_sps : 34.9004  ]
[2026-09-01 02:52:03,168][__main__][INFO] - [RANK 0] [ Eval  | Step: 38500  |  loss : 0.6601 | accuracy : 0.6442 | eval_s : 0.5752  ]
[2026-09-01 02:52:16,882][__main__][INFO] - [RANK 0] [ Train | Step: 39000  |  loss : 0.6529 | accuracy : 0.6460 | opt_sps : 34.9196  ]
[2026-09-01 02:52:17,459][__main__][INFO] - [RANK 0] [ Eval  | Step: 39000  |  loss : 0.6535 | accuracy : 0.6415 | eval_s : 0.5753  ]
[2026-09-01 02:52:31,654][__main__][INFO] - [RANK 0] [ Train | Step: 39500  |  loss : 0.6460 | accuracy : 0.6511 | opt_sps : 34.9234  ]
[2026-09-01 02:52:32,231][__main__][INFO] - [RANK 0] [ Eval  | Step: 39500  |  loss : 0.6508 | accuracy : 0.6447 | eval_s : 0.5759  ]
[2026-09-01 02:52:45,925][__main__][INFO] - [RANK 0] [ Train | Step: 40000  |  loss : 0.6452 | accuracy : 0.6510 | opt_sps : 34.9424  ]
[2026-09-01 02:52:46,503][__main__][INFO] - [RANK 0] [ Eval  | Step: 40000  |  loss : 0.6573 | accuracy : 0.6532 | eval_s : 0.5763  ]
[2026-09-01 02:53:00,176][__main__][INFO] - [RANK 0] [ Train | Step: 40500  |  loss : 0.6374 | accuracy : 0.6565 | opt_sps : 34.9616  ]
[2026-09-01 02:53:00,752][__main__][INFO] - [RANK 0] [ Eval  | Step: 40500  |  loss : 0.6417 | accuracy : 0.6613 | eval_s : 0.5753  ]
[2026-09-01 02:53:14,917][__main__][INFO] - [RANK 0] [ Train | Step: 41000  |  loss : 0.6373 | accuracy : 0.6629 | opt_sps : 34.9657  ]
[2026-09-01 02:53:15,494][__main__][INFO] - [RANK 0] [ Eval  | Step: 41000  |  loss : 0.6475 | accuracy : 0.6669 | eval_s : 0.5762  ]
[2026-09-01 02:53:29,164][__main__][INFO] - [RANK 0] [ Train | Step: 41500  |  loss : 0.6258 | accuracy : 0.6762 | opt_sps : 34.9843  ]
[2026-09-01 02:53:29,741][__main__][INFO] - [RANK 0] [ Eval  | Step: 41500  |  loss : 0.6284 | accuracy : 0.6752 | eval_s : 0.5760  ]
[2026-09-01 02:53:43,372][__main__][INFO] - [RANK 0] [ Train | Step: 42000  |  loss : 0.6159 | accuracy : 0.6844 | opt_sps : 35.0036  ]
[2026-09-01 02:53:43,948][__main__][INFO] - [RANK 0] [ Eval  | Step: 42000  |  loss : 0.6094 | accuracy : 0.6874 | eval_s : 0.5755  ]
[2026-09-01 02:53:57,559][__main__][INFO] - [RANK 0] [ Train | Step: 42500  |  loss : 0.5978 | accuracy : 0.7014 | opt_sps : 35.0231  ]
[2026-09-01 02:53:58,136][__main__][INFO] - [RANK 0] [ Eval  | Step: 42500  |  loss : 0.5844 | accuracy : 0.7142 | eval_s : 0.5760  ]
[2026-09-01 02:54:12,018][__main__][INFO] - [RANK 0] [ Train | Step: 43000  |  loss : 0.5649 | accuracy : 0.7272 | opt_sps : 35.0343  ]
[2026-09-01 02:54:12,595][__main__][INFO] - [RANK 0] [ Eval  | Step: 43000  |  loss : 0.5380 | accuracy : 0.7433 | eval_s : 0.5760  ]
[2026-09-01 02:54:26,822][__main__][INFO] - [RANK 0] [ Train | Step: 43500  |  loss : 0.5244 | accuracy : 0.7509 | opt_sps : 35.0357  ]
[2026-09-01 02:54:27,399][__main__][INFO] - [RANK 0] [ Eval  | Step: 43500  |  loss : 0.5176 | accuracy : 0.7527 | eval_s : 0.5767  ]
[2026-09-01 02:54:41,069][__main__][INFO] - [RANK 0] [ Train | Step: 44000  |  loss : 0.5011 | accuracy : 0.7622 | opt_sps : 35.0525  ]
[2026-09-01 02:54:41,645][__main__][INFO] - [RANK 0] [ Eval  | Step: 44000  |  loss : 0.5353 | accuracy : 0.7525 | eval_s : 0.5754  ]
[2026-09-01 02:54:55,749][__main__][INFO] - [RANK 0] [ Train | Step: 44500  |  loss : 0.4865 | accuracy : 0.7688 | opt_sps : 35.0569  ]
[2026-09-01 02:54:56,325][__main__][INFO] - [RANK 0] [ Eval  | Step: 44500  |  loss : 0.4861 | accuracy : 0.7666 | eval_s : 0.5758  ]
[2026-09-01 02:55:09,985][__main__][INFO] - [RANK 0] [ Train | Step: 45000  |  loss : 0.4793 | accuracy : 0.7702 | opt_sps : 35.0734  ]
[2026-09-01 02:55:10,563][__main__][INFO] - [RANK 0] [ Eval  | Step: 45000  |  loss : 0.4768 | accuracy : 0.7684 | eval_s : 0.5771  ]
[2026-09-01 02:55:24,199][__main__][INFO] - [RANK 0] [ Train | Step: 45500  |  loss : 0.4686 | accuracy : 0.7759 | opt_sps : 35.0902  ]
[2026-09-01 02:55:24,776][__main__][INFO] - [RANK 0] [ Eval  | Step: 45500  |  loss : 0.4917 | accuracy : 0.7648 | eval_s : 0.5759  ]
[2026-09-01 02:55:38,974][__main__][INFO] - [RANK 0] [ Train | Step: 46000  |  loss : 0.4654 | accuracy : 0.7783 | opt_sps : 35.0916  ]
[2026-09-01 02:55:39,551][__main__][INFO] - [RANK 0] [ Eval  | Step: 46000  |  loss : 0.4719 | accuracy : 0.7732 | eval_s : 0.5761  ]
[2026-09-01 02:55:53,224][__main__][INFO] - [RANK 0] [ Train | Step: 46500  |  loss : 0.4590 | accuracy : 0.7797 | opt_sps : 35.1068  ]
[2026-09-01 02:55:53,801][__main__][INFO] - [RANK 0] [ Eval  | Step: 46500  |  loss : 0.4594 | accuracy : 0.7768 | eval_s : 0.5758  ]
[2026-09-01 02:56:07,455][__main__][INFO] - [RANK 0] [ Train | Step: 47000  |  loss : 0.4557 | accuracy : 0.7803 | opt_sps : 35.1223  ]
[2026-09-01 02:56:08,032][__main__][INFO] - [RANK 0] [ Eval  | Step: 47000  |  loss : 0.4569 | accuracy : 0.7774 | eval_s : 0.5758  ]
[2026-09-01 02:56:21,699][__main__][INFO] - [RANK 0] [ Train | Step: 47500  |  loss : 0.4536 | accuracy : 0.7834 | opt_sps : 35.1371  ]
[2026-09-01 02:56:22,276][__main__][INFO] - [RANK 0] [ Eval  | Step: 47500  |  loss : 0.4576 | accuracy : 0.7762 | eval_s : 0.5761  ]
[2026-09-01 02:56:35,889][__main__][INFO] - [RANK 0] [ Train | Step: 48000  |  loss : 0.4456 | accuracy : 0.7854 | opt_sps : 35.1530  ]
[2026-09-01 02:56:36,465][__main__][INFO] - [RANK 0] [ Eval  | Step: 48000  |  loss : 0.4537 | accuracy : 0.7784 | eval_s : 0.5756  ]
[2026-09-01 02:56:50,579][__main__][INFO] - [RANK 0] [ Train | Step: 48500  |  loss : 0.4453 | accuracy : 0.7827 | opt_sps : 35.1558  ]
[2026-09-01 02:56:51,156][__main__][INFO] - [RANK 0] [ Eval  | Step: 48500  |  loss : 0.4424 | accuracy : 0.7826 | eval_s : 0.5757  ]
[2026-09-01 02:57:04,807][__main__][INFO] - [RANK 0] [ Train | Step: 49000  |  loss : 0.4417 | accuracy : 0.7865 | opt_sps : 35.1702  ]
[2026-09-01 02:57:05,384][__main__][INFO] - [RANK 0] [ Eval  | Step: 49000  |  loss : 0.4461 | accuracy : 0.7823 | eval_s : 0.5759  ]
[2026-09-01 02:57:19,043][__main__][INFO] - [RANK 0] [ Train | Step: 49500  |  loss : 0.4404 | accuracy : 0.7857 | opt_sps : 35.1842  ]
[2026-09-01 02:57:19,619][__main__][INFO] - [RANK 0] [ Eval  | Step: 49500  |  loss : 0.4474 | accuracy : 0.7813 | eval_s : 0.5755  ]
[2026-09-01 02:57:33,712][__main__][INFO] - [RANK 0] [ Train | Step: 50000  |  loss : 0.4360 | accuracy : 0.7882 | opt_sps : 35.1871  ]
[2026-09-01 02:57:34,288][__main__][INFO] - [RANK 0] [ Eval  | Step: 50000  |  loss : 0.4383 | accuracy : 0.7836 | eval_s : 0.5753  ]
[2026-09-01 02:57:47,892][__main__][INFO] - [RANK 0] [ Train | Step: 50500  |  loss : 0.4344 | accuracy : 0.7883 | opt_sps : 35.2020  ]
[2026-09-01 02:57:48,468][__main__][INFO] - [RANK 0] [ Eval  | Step: 50500  |  loss : 0.4359 | accuracy : 0.7860 | eval_s : 0.5751  ]
[2026-09-01 02:58:01,975][__main__][INFO] - [RANK 0] [ Train | Step: 51000  |  loss : 0.4308 | accuracy : 0.7912 | opt_sps : 35.2190  ]
[2026-09-01 02:58:02,552][__main__][INFO] - [RANK 0] [ Eval  | Step: 51000  |  loss : 0.4399 | accuracy : 0.7825 | eval_s : 0.5756  ]
[2026-09-01 02:58:16,124][__main__][INFO] - [RANK 0] [ Train | Step: 51500  |  loss : 0.4249 | accuracy : 0.7924 | opt_sps : 35.2340  ]
[2026-09-01 02:58:16,700][__main__][INFO] - [RANK 0] [ Eval  | Step: 51500  |  loss : 0.4315 | accuracy : 0.7862 | eval_s : 0.5751  ]
[2026-09-01 02:58:30,284][__main__][INFO] - [RANK 0] [ Train | Step: 52000  |  loss : 0.4259 | accuracy : 0.7912 | opt_sps : 35.2485  ]
[2026-09-01 02:58:30,861][__main__][INFO] - [RANK 0] [ Eval  | Step: 52000  |  loss : 0.4267 | accuracy : 0.7873 | eval_s : 0.5758  ]
[2026-09-01 02:58:44,973][__main__][INFO] - [RANK 0] [ Train | Step: 52500  |  loss : 0.4234 | accuracy : 0.7934 | opt_sps : 35.2503  ]
[2026-09-01 02:58:45,550][__main__][INFO] - [RANK 0] [ Eval  | Step: 52500  |  loss : 0.4277 | accuracy : 0.7879 | eval_s : 0.5761  ]
[2026-09-01 02:58:59,124][__main__][INFO] - [RANK 0] [ Train | Step: 53000  |  loss : 0.4217 | accuracy : 0.7929 | opt_sps : 35.2646  ]
[2026-09-01 02:58:59,702][__main__][INFO] - [RANK 0] [ Eval  | Step: 53000  |  loss : 0.4262 | accuracy : 0.7888 | eval_s : 0.5769  ]
[2026-09-01 02:59:13,850][__main__][INFO] - [RANK 0] [ Train | Step: 53500  |  loss : 0.4198 | accuracy : 0.7932 | opt_sps : 35.2653  ]
[2026-09-01 02:59:14,426][__main__][INFO] - [RANK 0] [ Eval  | Step: 53500  |  loss : 0.4305 | accuracy : 0.7864 | eval_s : 0.5753  ]
[2026-09-01 02:59:27,972][__main__][INFO] - [RANK 0] [ Train | Step: 54000  |  loss : 0.4128 | accuracy : 0.7966 | opt_sps : 35.2799  ]
[2026-09-01 02:59:28,548][__main__][INFO] - [RANK 0] [ Eval  | Step: 54000  |  loss : 0.4253 | accuracy : 0.7898 | eval_s : 0.5753  ]
[2026-09-01 02:59:42,091][__main__][INFO] - [RANK 0] [ Train | Step: 54500  |  loss : 0.4151 | accuracy : 0.7961 | opt_sps : 35.2943  ]
[2026-09-01 02:59:42,668][__main__][INFO] - [RANK 0] [ Eval  | Step: 54500  |  loss : 0.4192 | accuracy : 0.7894 | eval_s : 0.5760  ]
[2026-09-01 02:59:56,818][__main__][INFO] - [RANK 0] [ Train | Step: 55000  |  loss : 0.4119 | accuracy : 0.7975 | opt_sps : 35.2947  ]
[2026-09-01 02:59:57,395][__main__][INFO] - [RANK 0] [ Eval  | Step: 55000  |  loss : 0.4173 | accuracy : 0.7919 | eval_s : 0.5754  ]
[2026-09-01 03:00:11,032][__main__][INFO] - [RANK 0] [ Train | Step: 55500  |  loss : 0.4081 | accuracy : 0.8004 | opt_sps : 35.3066  ]
[2026-09-01 03:00:11,609][__main__][INFO] - [RANK 0] [ Eval  | Step: 55500  |  loss : 0.4262 | accuracy : 0.7930 | eval_s : 0.5753  ]
[2026-09-01 03:00:25,291][__main__][INFO] - [RANK 0] [ Train | Step: 56000  |  loss : 0.4060 | accuracy : 0.8019 | opt_sps : 35.3173  ]
[2026-09-01 03:00:25,867][__main__][INFO] - [RANK 0] [ Eval  | Step: 56000  |  loss : 0.4134 | accuracy : 0.7944 | eval_s : 0.5753  ]
[2026-09-01 03:00:39,465][__main__][INFO] - [RANK 0] [ Train | Step: 56500  |  loss : 0.4059 | accuracy : 0.8019 | opt_sps : 35.3296  ]
[2026-09-01 03:00:40,042][__main__][INFO] - [RANK 0] [ Eval  | Step: 56500  |  loss : 0.4101 | accuracy : 0.7961 | eval_s : 0.5757  ]
[2026-09-01 03:00:53,664][__main__][INFO] - [RANK 0] [ Train | Step: 57000  |  loss : 0.4045 | accuracy : 0.8017 | opt_sps : 35.3413  ]
[2026-09-01 03:00:54,241][__main__][INFO] - [RANK 0] [ Eval  | Step: 57000  |  loss : 0.4090 | accuracy : 0.7987 | eval_s : 0.5761  ]
[2026-09-01 03:01:08,462][__main__][INFO] - [RANK 0] [ Train | Step: 57500  |  loss : 0.4022 | accuracy : 0.8026 | opt_sps : 35.3397  ]
[2026-09-01 03:01:09,039][__main__][INFO] - [RANK 0] [ Eval  | Step: 57500  |  loss : 0.4092 | accuracy : 0.7980 | eval_s : 0.5759  ]
[2026-09-01 03:01:22,695][__main__][INFO] - [RANK 0] [ Train | Step: 58000  |  loss : 0.3991 | accuracy : 0.8051 | opt_sps : 35.3503  ]
[2026-09-01 03:01:23,271][__main__][INFO] - [RANK 0] [ Eval  | Step: 58000  |  loss : 0.4062 | accuracy : 0.8011 | eval_s : 0.5755  ]
[2026-09-01 03:01:36,924][__main__][INFO] - [RANK 0] [ Train | Step: 58500  |  loss : 0.3971 | accuracy : 0.8049 | opt_sps : 35.3609  ]
[2026-09-01 03:01:37,500][__main__][INFO] - [RANK 0] [ Eval  | Step: 58500  |  loss : 0.4069 | accuracy : 0.8010 | eval_s : 0.5754  ]
[2026-09-01 03:01:51,654][__main__][INFO] - [RANK 0] [ Train | Step: 59000  |  loss : 0.3968 | accuracy : 0.8055 | opt_sps : 35.3606  ]
[2026-09-01 03:01:52,231][__main__][INFO] - [RANK 0] [ Eval  | Step: 59000  |  loss : 0.4138 | accuracy : 0.7974 | eval_s : 0.5756  ]
[2026-09-01 03:02:05,867][__main__][INFO] - [RANK 0] [ Train | Step: 59500  |  loss : 0.3991 | accuracy : 0.8038 | opt_sps : 35.3711  ]
[2026-09-01 03:02:06,443][__main__][INFO] - [RANK 0] [ Eval  | Step: 59500  |  loss : 0.4050 | accuracy : 0.8015 | eval_s : 0.5756  ]
[2026-09-01 03:02:20,130][__main__][INFO] - [RANK 0] [ Train | Step: 60000  |  loss : 0.3918 | accuracy : 0.8088 | opt_sps : 35.3805  ]
[2026-09-01 03:02:20,707][__main__][INFO] - [RANK 0] [ Eval  | Step: 60000  |  loss : 0.4056 | accuracy : 0.8033 | eval_s : 0.5765  ]
[2026-09-01 03:02:34,328][__main__][INFO] - [RANK 0] [ Train | Step: 60500  |  loss : 0.3910 | accuracy : 0.8087 | opt_sps : 35.3911  ]
[2026-09-01 03:02:34,905][__main__][INFO] - [RANK 0] [ Eval  | Step: 60500  |  loss : 0.4063 | accuracy : 0.8027 | eval_s : 0.5762  ]
[2026-09-01 03:02:48,532][__main__][INFO] - [RANK 0] [ Train | Step: 61000  |  loss : 0.3922 | accuracy : 0.8086 | opt_sps : 35.4014  ]
[2026-09-01 03:02:49,109][__main__][INFO] - [RANK 0] [ Eval  | Step: 61000  |  loss : 0.4060 | accuracy : 0.8038 | eval_s : 0.5762  ]
[2026-09-01 03:03:03,194][__main__][INFO] - [RANK 0] [ Train | Step: 61500  |  loss : 0.3875 | accuracy : 0.8107 | opt_sps : 35.4022  ]
[2026-09-01 03:03:03,770][__main__][INFO] - [RANK 0] [ Eval  | Step: 61500  |  loss : 0.3991 | accuracy : 0.8030 | eval_s : 0.5753  ]
[2026-09-01 03:03:17,343][__main__][INFO] - [RANK 0] [ Train | Step: 62000  |  loss : 0.3891 | accuracy : 0.8106 | opt_sps : 35.4133  ]
[2026-09-01 03:03:17,919][__main__][INFO] - [RANK 0] [ Eval  | Step: 62000  |  loss : 0.3964 | accuracy : 0.8060 | eval_s : 0.5753  ]
[2026-09-01 03:03:32,117][__main__][INFO] - [RANK 0] [ Train | Step: 62500  |  loss : 0.3814 | accuracy : 0.8149 | opt_sps : 35.4118  ]
[2026-09-01 03:03:32,693][__main__][INFO] - [RANK 0] [ Eval  | Step: 62500  |  loss : 0.3964 | accuracy : 0.8064 | eval_s : 0.5756  ]
[2026-09-01 03:03:46,318][__main__][INFO] - [RANK 0] [ Train | Step: 63000  |  loss : 0.3857 | accuracy : 0.8127 | opt_sps : 35.4216  ]
[2026-09-01 03:03:46,896][__main__][INFO] - [RANK 0] [ Eval  | Step: 63000  |  loss : 0.3953 | accuracy : 0.8084 | eval_s : 0.5762  ]
[2026-09-01 03:04:00,494][__main__][INFO] - [RANK 0] [ Train | Step: 63500  |  loss : 0.3827 | accuracy : 0.8120 | opt_sps : 35.4319  ]
[2026-09-01 03:04:01,070][__main__][INFO] - [RANK 0] [ Eval  | Step: 63500  |  loss : 0.3903 | accuracy : 0.8100 | eval_s : 0.5752  ]
[2026-09-01 03:04:14,725][__main__][INFO] - [RANK 0] [ Train | Step: 64000  |  loss : 0.3800 | accuracy : 0.8144 | opt_sps : 35.4409  ]
[2026-09-01 03:04:15,301][__main__][INFO] - [RANK 0] [ Eval  | Step: 64000  |  loss : 0.3937 | accuracy : 0.8092 | eval_s : 0.5755  ]
[2026-09-01 03:04:28,978][__main__][INFO] - [RANK 0] [ Train | Step: 64500  |  loss : 0.3780 | accuracy : 0.8159 | opt_sps : 35.4493  ]
[2026-09-01 03:04:29,553][__main__][INFO] - [RANK 0] [ Eval  | Step: 64500  |  loss : 0.3899 | accuracy : 0.8097 | eval_s : 0.5747  ]
[2026-09-01 03:04:43,670][__main__][INFO] - [RANK 0] [ Train | Step: 65000  |  loss : 0.3757 | accuracy : 0.8171 | opt_sps : 35.4491  ]
[2026-09-01 03:04:44,245][__main__][INFO] - [RANK 0] [ Eval  | Step: 65000  |  loss : 0.3877 | accuracy : 0.8116 | eval_s : 0.5750  ]
[2026-09-01 03:04:57,884][__main__][INFO] - [RANK 0] [ Train | Step: 65500  |  loss : 0.3765 | accuracy : 0.8166 | opt_sps : 35.4581  ]
[2026-09-01 03:04:58,459][__main__][INFO] - [RANK 0] [ Eval  | Step: 65500  |  loss : 0.3862 | accuracy : 0.8125 | eval_s : 0.5749  ]
[2026-09-01 03:05:12,087][__main__][INFO] - [RANK 0] [ Train | Step: 66000  |  loss : 0.3770 | accuracy : 0.8153 | opt_sps : 35.4671  ]
[2026-09-01 03:05:12,663][__main__][INFO] - [RANK 0] [ Eval  | Step: 66000  |  loss : 0.3882 | accuracy : 0.8123 | eval_s : 0.5755  ]
[2026-09-01 03:05:26,851][__main__][INFO] - [RANK 0] [ Train | Step: 66500  |  loss : 0.3762 | accuracy : 0.8172 | opt_sps : 35.4654  ]
[2026-09-01 03:05:27,427][__main__][INFO] - [RANK 0] [ Eval  | Step: 66500  |  loss : 0.3907 | accuracy : 0.8116 | eval_s : 0.5751  ]
[2026-09-01 03:05:41,117][__main__][INFO] - [RANK 0] [ Train | Step: 67000  |  loss : 0.3754 | accuracy : 0.8167 | opt_sps : 35.4731  ]
[2026-09-01 03:05:41,693][__main__][INFO] - [RANK 0] [ Eval  | Step: 67000  |  loss : 0.3849 | accuracy : 0.8128 | eval_s : 0.5756  ]
[2026-09-01 03:05:55,404][__main__][INFO] - [RANK 0] [ Train | Step: 67500  |  loss : 0.3745 | accuracy : 0.8178 | opt_sps : 35.4803  ]
[2026-09-01 03:05:55,981][__main__][INFO] - [RANK 0] [ Eval  | Step: 67500  |  loss : 0.4051 | accuracy : 0.8100 | eval_s : 0.5757  ]
[2026-09-01 03:06:09,676][__main__][INFO] - [RANK 0] [ Train | Step: 68000  |  loss : 0.3696 | accuracy : 0.8203 | opt_sps : 35.4876  ]
[2026-09-01 03:06:10,252][__main__][INFO] - [RANK 0] [ Eval  | Step: 68000  |  loss : 0.3855 | accuracy : 0.8131 | eval_s : 0.5753  ]
[2026-09-01 03:06:23,827][__main__][INFO] - [RANK 0] [ Train | Step: 68500  |  loss : 0.3697 | accuracy : 0.8200 | opt_sps : 35.4971  ]
[2026-09-01 03:06:24,404][__main__][INFO] - [RANK 0] [ Eval  | Step: 68500  |  loss : 0.3823 | accuracy : 0.8141 | eval_s : 0.5759  ]
[2026-09-01 03:06:38,582][__main__][INFO] - [RANK 0] [ Train | Step: 69000  |  loss : 0.3695 | accuracy : 0.8205 | opt_sps : 35.4954  ]
[2026-09-01 03:06:39,158][__main__][INFO] - [RANK 0] [ Eval  | Step: 69000  |  loss : 0.3821 | accuracy : 0.8145 | eval_s : 0.5751  ]
[2026-09-01 03:06:52,831][__main__][INFO] - [RANK 0] [ Train | Step: 69500  |  loss : 0.3695 | accuracy : 0.8217 | opt_sps : 35.5029  ]
[2026-09-01 03:06:53,408][__main__][INFO] - [RANK 0] [ Eval  | Step: 69500  |  loss : 0.3787 | accuracy : 0.8141 | eval_s : 0.5756  ]
[2026-09-01 03:07:06,988][__main__][INFO] - [RANK 0] [ Train | Step: 70000  |  loss : 0.3646 | accuracy : 0.8221 | opt_sps : 35.5120  ]
[2026-09-01 03:07:07,564][__main__][INFO] - [RANK 0] [ Eval  | Step: 70000  |  loss : 0.3785 | accuracy : 0.8163 | eval_s : 0.5754  ]
[2026-09-01 03:07:21,733][__main__][INFO] - [RANK 0] [ Train | Step: 70500  |  loss : 0.3645 | accuracy : 0.8232 | opt_sps : 35.5105  ]
[2026-09-01 03:07:22,310][__main__][INFO] - [RANK 0] [ Eval  | Step: 70500  |  loss : 0.3772 | accuracy : 0.8152 | eval_s : 0.5756  ]
[2026-09-01 03:07:35,964][__main__][INFO] - [RANK 0] [ Train | Step: 71000  |  loss : 0.3647 | accuracy : 0.8233 | opt_sps : 35.5180  ]
[2026-09-01 03:07:36,541][__main__][INFO] - [RANK 0] [ Eval  | Step: 71000  |  loss : 0.3779 | accuracy : 0.8157 | eval_s : 0.5759  ]
[2026-09-01 03:07:50,161][__main__][INFO] - [RANK 0] [ Train | Step: 71500  |  loss : 0.3624 | accuracy : 0.8226 | opt_sps : 35.5261  ]
[2026-09-01 03:07:50,737][__main__][INFO] - [RANK 0] [ Eval  | Step: 71500  |  loss : 0.3738 | accuracy : 0.8163 | eval_s : 0.5757  ]
[2026-09-01 03:08:04,288][__main__][INFO] - [RANK 0] [ Train | Step: 72000  |  loss : 0.3612 | accuracy : 0.8244 | opt_sps : 35.5353  ]
[2026-09-01 03:08:04,864][__main__][INFO] - [RANK 0] [ Eval  | Step: 72000  |  loss : 0.3836 | accuracy : 0.8141 | eval_s : 0.5750  ]
[2026-09-01 03:08:18,516][__main__][INFO] - [RANK 0] [ Train | Step: 72500  |  loss : 0.3593 | accuracy : 0.8249 | opt_sps : 35.5426  ]
[2026-09-01 03:08:19,096][__main__][INFO] - [RANK 0] [ Eval  | Step: 72500  |  loss : 0.3707 | accuracy : 0.8184 | eval_s : 0.5758  ]
[2026-09-01 03:08:33,343][__main__][INFO] - [RANK 0] [ Train | Step: 73000  |  loss : 0.3625 | accuracy : 0.8227 | opt_sps : 35.5395  ]
[2026-09-01 03:08:33,919][__main__][INFO] - [RANK 0] [ Eval  | Step: 73000  |  loss : 0.3727 | accuracy : 0.8167 | eval_s : 0.5756  ]
[2026-09-01 03:08:47,581][__main__][INFO] - [RANK 0] [ Train | Step: 73500  |  loss : 0.3586 | accuracy : 0.8253 | opt_sps : 35.5465  ]
[2026-09-01 03:08:48,157][__main__][INFO] - [RANK 0] [ Eval  | Step: 73500  |  loss : 0.3734 | accuracy : 0.8155 | eval_s : 0.5752  ]
[2026-09-01 03:09:02,315][__main__][INFO] - [RANK 0] [ Train | Step: 74000  |  loss : 0.3586 | accuracy : 0.8261 | opt_sps : 35.5449  ]
[2026-09-01 03:09:02,891][__main__][INFO] - [RANK 0] [ Eval  | Step: 74000  |  loss : 0.3727 | accuracy : 0.8177 | eval_s : 0.5753  ]
[2026-09-01 03:09:16,522][__main__][INFO] - [RANK 0] [ Train | Step: 74500  |  loss : 0.3584 | accuracy : 0.8260 | opt_sps : 35.5523  ]
[2026-09-01 03:09:17,098][__main__][INFO] - [RANK 0] [ Eval  | Step: 74500  |  loss : 0.3697 | accuracy : 0.8165 | eval_s : 0.5755  ]
[2026-09-01 03:09:30,682][__main__][INFO] - [RANK 0] [ Train | Step: 75000  |  loss : 0.3555 | accuracy : 0.8277 | opt_sps : 35.5605  ]
[2026-09-01 03:09:31,258][__main__][INFO] - [RANK 0] [ Eval  | Step: 75000  |  loss : 0.3703 | accuracy : 0.8175 | eval_s : 0.5756  ]
[2026-09-01 03:09:44,913][__main__][INFO] - [RANK 0] [ Train | Step: 75500  |  loss : 0.3568 | accuracy : 0.8267 | opt_sps : 35.5673  ]
[2026-09-01 03:09:45,490][__main__][INFO] - [RANK 0] [ Eval  | Step: 75500  |  loss : 0.3686 | accuracy : 0.8192 | eval_s : 0.5759  ]
[2026-09-01 03:09:59,186][__main__][INFO] - [RANK 0] [ Train | Step: 76000  |  loss : 0.3552 | accuracy : 0.8277 | opt_sps : 35.5733  ]
[2026-09-01 03:09:59,762][__main__][INFO] - [RANK 0] [ Eval  | Step: 76000  |  loss : 0.3680 | accuracy : 0.8193 | eval_s : 0.5758  ]
[2026-09-01 03:10:13,984][__main__][INFO] - [RANK 0] [ Train | Step: 76500  |  loss : 0.3558 | accuracy : 0.8259 | opt_sps : 35.5706  ]
[2026-09-01 03:10:14,560][__main__][INFO] - [RANK 0] [ Eval  | Step: 76500  |  loss : 0.3665 | accuracy : 0.8209 | eval_s : 0.5753  ]
[2026-09-01 03:10:28,184][__main__][INFO] - [RANK 0] [ Train | Step: 77000  |  loss : 0.3530 | accuracy : 0.8280 | opt_sps : 35.5777  ]
[2026-09-01 03:10:28,761][__main__][INFO] - [RANK 0] [ Eval  | Step: 77000  |  loss : 0.3668 | accuracy : 0.8209 | eval_s : 0.5755  ]
[2026-09-01 03:10:42,387][__main__][INFO] - [RANK 0] [ Train | Step: 77500  |  loss : 0.3526 | accuracy : 0.8278 | opt_sps : 35.5847  ]
[2026-09-01 03:10:42,963][__main__][INFO] - [RANK 0] [ Eval  | Step: 77500  |  loss : 0.3672 | accuracy : 0.8203 | eval_s : 0.5755  ]
[2026-09-01 03:10:57,136][__main__][INFO] - [RANK 0] [ Train | Step: 78000  |  loss : 0.3530 | accuracy : 0.8276 | opt_sps : 35.5827  ]
[2026-09-01 03:10:57,712][__main__][INFO] - [RANK 0] [ Eval  | Step: 78000  |  loss : 0.3654 | accuracy : 0.8197 | eval_s : 0.5755  ]
[2026-09-01 03:11:11,346][__main__][INFO] - [RANK 0] [ Train | Step: 78500  |  loss : 0.3496 | accuracy : 0.8310 | opt_sps : 35.5895  ]
[2026-09-01 03:11:11,923][__main__][INFO] - [RANK 0] [ Eval  | Step: 78500  |  loss : 0.3646 | accuracy : 0.8210 | eval_s : 0.5757  ]
[2026-09-01 03:11:25,582][__main__][INFO] - [RANK 0] [ Train | Step: 79000  |  loss : 0.3506 | accuracy : 0.8310 | opt_sps : 35.5957  ]
[2026-09-01 03:11:26,158][__main__][INFO] - [RANK 0] [ Eval  | Step: 79000  |  loss : 0.3660 | accuracy : 0.8218 | eval_s : 0.5753  ]
[2026-09-01 03:11:39,747][__main__][INFO] - [RANK 0] [ Train | Step: 79500  |  loss : 0.3513 | accuracy : 0.8300 | opt_sps : 35.6030  ]
[2026-09-01 03:11:40,324][__main__][INFO] - [RANK 0] [ Eval  | Step: 79500  |  loss : 0.3645 | accuracy : 0.8219 | eval_s : 0.5754  ]
[2026-09-01 03:11:54,023][__main__][INFO] - [RANK 0] [ Train | Step: 80000  |  loss : 0.3492 | accuracy : 0.8309 | opt_sps : 35.6085  ]
[2026-09-01 03:11:54,600][__main__][INFO] - [RANK 0] [ Eval  | Step: 80000  |  loss : 0.3640 | accuracy : 0.8217 | eval_s : 0.5761  ]
[2026-09-01 03:12:08,826][__main__][INFO] - [RANK 0] [ Train | Step: 80500  |  loss : 0.3474 | accuracy : 0.8316 | opt_sps : 35.6056  ]
[2026-09-01 03:12:09,402][__main__][INFO] - [RANK 0] [ Eval  | Step: 80500  |  loss : 0.3691 | accuracy : 0.8189 | eval_s : 0.5752  ]
[2026-09-01 03:12:23,037][__main__][INFO] - [RANK 0] [ Train | Step: 81000  |  loss : 0.3479 | accuracy : 0.8306 | opt_sps : 35.6120  ]
[2026-09-01 03:12:23,614][__main__][INFO] - [RANK 0] [ Eval  | Step: 81000  |  loss : 0.3640 | accuracy : 0.8237 | eval_s : 0.5752  ]
[2026-09-01 03:12:37,732][__main__][INFO] - [RANK 0] [ Train | Step: 81500  |  loss : 0.3467 | accuracy : 0.8319 | opt_sps : 35.6108  ]
[2026-09-01 03:12:38,309][__main__][INFO] - [RANK 0] [ Eval  | Step: 81500  |  loss : 0.3630 | accuracy : 0.8223 | eval_s : 0.5756  ]
[2026-09-01 03:12:51,908][__main__][INFO] - [RANK 0] [ Train | Step: 82000  |  loss : 0.3456 | accuracy : 0.8327 | opt_sps : 35.6176  ]
[2026-09-01 03:12:52,484][__main__][INFO] - [RANK 0] [ Eval  | Step: 82000  |  loss : 0.3606 | accuracy : 0.8224 | eval_s : 0.5750  ]
[2026-09-01 03:13:06,069][__main__][INFO] - [RANK 0] [ Train | Step: 82500  |  loss : 0.3473 | accuracy : 0.8318 | opt_sps : 35.6246  ]
[2026-09-01 03:13:06,645][__main__][INFO] - [RANK 0] [ Eval  | Step: 82500  |  loss : 0.3617 | accuracy : 0.8245 | eval_s : 0.5751  ]
[2026-09-01 03:13:20,912][__main__][INFO] - [RANK 0] [ Train | Step: 83000  |  loss : 0.3462 | accuracy : 0.8310 | opt_sps : 35.6211  ]
[2026-09-01 03:13:21,489][__main__][INFO] - [RANK 0] [ Eval  | Step: 83000  |  loss : 0.3603 | accuracy : 0.8240 | eval_s : 0.5754  ]
[2026-09-01 03:13:35,155][__main__][INFO] - [RANK 0] [ Train | Step: 83500  |  loss : 0.3472 | accuracy : 0.8324 | opt_sps : 35.6267  ]
[2026-09-01 03:13:35,732][__main__][INFO] - [RANK 0] [ Eval  | Step: 83500  |  loss : 0.3606 | accuracy : 0.8238 | eval_s : 0.5758  ]
[2026-09-01 03:13:49,364][__main__][INFO] - [RANK 0] [ Train | Step: 84000  |  loss : 0.3449 | accuracy : 0.8312 | opt_sps : 35.6328  ]
[2026-09-01 03:13:49,941][__main__][INFO] - [RANK 0] [ Eval  | Step: 84000  |  loss : 0.3584 | accuracy : 0.8229 | eval_s : 0.5756  ]
[2026-09-01 03:14:03,591][__main__][INFO] - [RANK 0] [ Train | Step: 84500  |  loss : 0.3431 | accuracy : 0.8337 | opt_sps : 35.6385  ]
[2026-09-01 03:14:04,168][__main__][INFO] - [RANK 0] [ Eval  | Step: 84500  |  loss : 0.3595 | accuracy : 0.8238 | eval_s : 0.5757  ]
[2026-09-01 03:14:17,785][__main__][INFO] - [RANK 0] [ Train | Step: 85000  |  loss : 0.3443 | accuracy : 0.8318 | opt_sps : 35.6447  ]
[2026-09-01 03:14:18,361][__main__][INFO] - [RANK 0] [ Eval  | Step: 85000  |  loss : 0.3597 | accuracy : 0.8226 | eval_s : 0.5753  ]
[2026-09-01 03:14:32,547][__main__][INFO] - [RANK 0] [ Train | Step: 85500  |  loss : 0.3461 | accuracy : 0.8319 | opt_sps : 35.6423  ]
[2026-09-01 03:14:33,123][__main__][INFO] - [RANK 0] [ Eval  | Step: 85500  |  loss : 0.3586 | accuracy : 0.8236 | eval_s : 0.5748  ]
[2026-09-01 03:14:46,787][__main__][INFO] - [RANK 0] [ Train | Step: 86000  |  loss : 0.3438 | accuracy : 0.8323 | opt_sps : 35.6477  ]
[2026-09-01 03:14:47,364][__main__][INFO] - [RANK 0] [ Eval  | Step: 86000  |  loss : 0.3590 | accuracy : 0.8227 | eval_s : 0.5762  ]
[2026-09-01 03:15:00,898][__main__][INFO] - [RANK 0] [ Train | Step: 86500  |  loss : 0.3427 | accuracy : 0.8345 | opt_sps : 35.6550  ]
[2026-09-01 03:15:01,474][__main__][INFO] - [RANK 0] [ Eval  | Step: 86500  |  loss : 0.3586 | accuracy : 0.8239 | eval_s : 0.5750  ]
[2026-09-01 03:15:15,653][__main__][INFO] - [RANK 0] [ Train | Step: 87000  |  loss : 0.3430 | accuracy : 0.8322 | opt_sps : 35.6527  ]
[2026-09-01 03:15:16,230][__main__][INFO] - [RANK 0] [ Eval  | Step: 87000  |  loss : 0.3586 | accuracy : 0.8239 | eval_s : 0.5758  ]
[2026-09-01 03:15:29,746][__main__][INFO] - [RANK 0] [ Train | Step: 87500  |  loss : 0.3434 | accuracy : 0.8340 | opt_sps : 35.6601  ]
[2026-09-01 03:15:30,322][__main__][INFO] - [RANK 0] [ Eval  | Step: 87500  |  loss : 0.3576 | accuracy : 0.8242 | eval_s : 0.5751  ]
[2026-09-01 03:15:44,012][__main__][INFO] - [RANK 0] [ Train | Step: 88000  |  loss : 0.3428 | accuracy : 0.8329 | opt_sps : 35.6649  ]
[2026-09-01 03:15:44,588][__main__][INFO] - [RANK 0] [ Eval  | Step: 88000  |  loss : 0.3587 | accuracy : 0.8249 | eval_s : 0.5750  ]
[2026-09-01 03:15:58,263][__main__][INFO] - [RANK 0] [ Train | Step: 88500  |  loss : 0.3401 | accuracy : 0.8352 | opt_sps : 35.6698  ]
[2026-09-01 03:15:58,839][__main__][INFO] - [RANK 0] [ Eval  | Step: 88500  |  loss : 0.3565 | accuracy : 0.8255 | eval_s : 0.5756  ]
[2026-09-01 03:16:12,472][__main__][INFO] - [RANK 0] [ Train | Step: 89000  |  loss : 0.3414 | accuracy : 0.8346 | opt_sps : 35.6753  ]
[2026-09-01 03:16:13,048][__main__][INFO] - [RANK 0] [ Eval  | Step: 89000  |  loss : 0.3570 | accuracy : 0.8244 | eval_s : 0.5756  ]
[2026-09-01 03:16:27,225][__main__][INFO] - [RANK 0] [ Train | Step: 89500  |  loss : 0.3396 | accuracy : 0.8354 | opt_sps : 35.6730  ]
[2026-09-01 03:16:27,801][__main__][INFO] - [RANK 0] [ Eval  | Step: 89500  |  loss : 0.3564 | accuracy : 0.8261 | eval_s : 0.5754  ]
[2026-09-01 03:16:41,331][__main__][INFO] - [RANK 0] [ Train | Step: 90000  |  loss : 0.3416 | accuracy : 0.8333 | opt_sps : 35.6799  ]
[2026-09-01 03:16:41,907][__main__][INFO] - [RANK 0] [ Eval  | Step: 90000  |  loss : 0.3572 | accuracy : 0.8249 | eval_s : 0.5750  ]
[2026-09-01 03:16:56,106][__main__][INFO] - [RANK 0] [ Train | Step: 90500  |  loss : 0.3419 | accuracy : 0.8326 | opt_sps : 35.6773  ]
[2026-09-01 03:16:56,682][__main__][INFO] - [RANK 0] [ Eval  | Step: 90500  |  loss : 0.3583 | accuracy : 0.8246 | eval_s : 0.5751  ]
[2026-09-01 03:17:10,266][__main__][INFO] - [RANK 0] [ Train | Step: 91000  |  loss : 0.3389 | accuracy : 0.8352 | opt_sps : 35.6834  ]
[2026-09-01 03:17:10,842][__main__][INFO] - [RANK 0] [ Eval  | Step: 91000  |  loss : 0.3564 | accuracy : 0.8245 | eval_s : 0.5755  ]
[2026-09-01 03:17:24,489][__main__][INFO] - [RANK 0] [ Train | Step: 91500  |  loss : 0.3407 | accuracy : 0.8358 | opt_sps : 35.6885  ]
[2026-09-01 03:17:25,066][__main__][INFO] - [RANK 0] [ Eval  | Step: 91500  |  loss : 0.3574 | accuracy : 0.8244 | eval_s : 0.5763  ]
[2026-09-01 03:17:38,673][__main__][INFO] - [RANK 0] [ Train | Step: 92000  |  loss : 0.3415 | accuracy : 0.8337 | opt_sps : 35.6940  ]
[2026-09-01 03:17:39,250][__main__][INFO] - [RANK 0] [ Eval  | Step: 92000  |  loss : 0.3554 | accuracy : 0.8252 | eval_s : 0.5758  ]
[2026-09-01 03:17:52,907][__main__][INFO] - [RANK 0] [ Train | Step: 92500  |  loss : 0.3393 | accuracy : 0.8338 | opt_sps : 35.6989  ]
[2026-09-01 03:17:53,485][__main__][INFO] - [RANK 0] [ Eval  | Step: 92500  |  loss : 0.3561 | accuracy : 0.8258 | eval_s : 0.5767  ]
[2026-09-01 03:18:07,671][__main__][INFO] - [RANK 0] [ Train | Step: 93000  |  loss : 0.3418 | accuracy : 0.8341 | opt_sps : 35.6964  ]
[2026-09-01 03:18:08,248][__main__][INFO] - [RANK 0] [ Eval  | Step: 93000  |  loss : 0.3566 | accuracy : 0.8254 | eval_s : 0.5759  ]
[2026-09-01 03:18:21,910][__main__][INFO] - [RANK 0] [ Train | Step: 93500  |  loss : 0.3388 | accuracy : 0.8354 | opt_sps : 35.7011  ]
[2026-09-01 03:18:22,487][__main__][INFO] - [RANK 0] [ Eval  | Step: 93500  |  loss : 0.3577 | accuracy : 0.8242 | eval_s : 0.5756  ]
[2026-09-01 03:18:36,034][__main__][INFO] - [RANK 0] [ Train | Step: 94000  |  loss : 0.3401 | accuracy : 0.8348 | opt_sps : 35.7073  ]
[2026-09-01 03:18:36,610][__main__][INFO] - [RANK 0] [ Eval  | Step: 94000  |  loss : 0.3566 | accuracy : 0.8251 | eval_s : 0.5756  ]
[2026-09-01 03:18:50,815][__main__][INFO] - [RANK 0] [ Train | Step: 94500  |  loss : 0.3405 | accuracy : 0.8355 | opt_sps : 35.7046  ]
[2026-09-01 03:18:51,392][__main__][INFO] - [RANK 0] [ Eval  | Step: 94500  |  loss : 0.3559 | accuracy : 0.8269 | eval_s : 0.5755  ]
[2026-09-01 03:19:05,010][__main__][INFO] - [RANK 0] [ Train | Step: 95000  |  loss : 0.3391 | accuracy : 0.8354 | opt_sps : 35.7098  ]
[2026-09-01 03:19:05,587][__main__][INFO] - [RANK 0] [ Eval  | Step: 95000  |  loss : 0.3563 | accuracy : 0.8242 | eval_s : 0.5761  ]
[2026-09-01 03:19:19,205][__main__][INFO] - [RANK 0] [ Train | Step: 95500  |  loss : 0.3402 | accuracy : 0.8344 | opt_sps : 35.7149  ]
[2026-09-01 03:19:19,781][__main__][INFO] - [RANK 0] [ Eval  | Step: 95500  |  loss : 0.3562 | accuracy : 0.8252 | eval_s : 0.5757  ]
[2026-09-01 03:19:33,414][__main__][INFO] - [RANK 0] [ Train | Step: 96000  |  loss : 0.3389 | accuracy : 0.8356 | opt_sps : 35.7198  ]
[2026-09-01 03:19:33,991][__main__][INFO] - [RANK 0] [ Eval  | Step: 96000  |  loss : 0.3564 | accuracy : 0.8248 | eval_s : 0.5756  ]
[2026-09-01 03:19:47,649][__main__][INFO] - [RANK 0] [ Train | Step: 96500  |  loss : 0.3388 | accuracy : 0.8347 | opt_sps : 35.7243  ]
[2026-09-01 03:19:48,226][__main__][INFO] - [RANK 0] [ Eval  | Step: 96500  |  loss : 0.3556 | accuracy : 0.8254 | eval_s : 0.5754  ]
[2026-09-01 03:20:02,290][__main__][INFO] - [RANK 0] [ Train | Step: 97000  |  loss : 0.3398 | accuracy : 0.8342 | opt_sps : 35.7234  ]
[2026-09-01 03:20:02,865][__main__][INFO] - [RANK 0] [ Eval  | Step: 97000  |  loss : 0.3561 | accuracy : 0.8252 | eval_s : 0.5750  ]
[2026-09-01 03:20:16,605][__main__][INFO] - [RANK 0] [ Train | Step: 97500  |  loss : 0.3373 | accuracy : 0.8371 | opt_sps : 35.7267  ]
[2026-09-01 03:20:17,181][__main__][INFO] - [RANK 0] [ Eval  | Step: 97500  |  loss : 0.3554 | accuracy : 0.8256 | eval_s : 0.5753  ]
[2026-09-01 03:20:30,734][__main__][INFO] - [RANK 0] [ Train | Step: 98000  |  loss : 0.3389 | accuracy : 0.8350 | opt_sps : 35.7325  ]
[2026-09-01 03:20:31,311][__main__][INFO] - [RANK 0] [ Eval  | Step: 98000  |  loss : 0.3568 | accuracy : 0.8251 | eval_s : 0.5753  ]
[2026-09-01 03:20:45,473][__main__][INFO] - [RANK 0] [ Train | Step: 98500  |  loss : 0.3392 | accuracy : 0.8346 | opt_sps : 35.7303  ]
[2026-09-01 03:20:46,050][__main__][INFO] - [RANK 0] [ Eval  | Step: 98500  |  loss : 0.3561 | accuracy : 0.8254 | eval_s : 0.5754  ]
[2026-09-01 03:20:59,746][__main__][INFO] - [RANK 0] [ Train | Step: 99000  |  loss : 0.3393 | accuracy : 0.8359 | opt_sps : 35.7341  ]
[2026-09-01 03:21:00,323][__main__][INFO] - [RANK 0] [ Eval  | Step: 99000  |  loss : 0.3567 | accuracy : 0.8251 | eval_s : 0.5754  ]
[2026-09-01 03:21:13,970][__main__][INFO] - [RANK 0] [ Train | Step: 99500  |  loss : 0.3393 | accuracy : 0.8341 | opt_sps : 35.7385  ]
[2026-09-01 03:21:14,546][__main__][INFO] - [RANK 0] [ Eval  | Step: 99500  |  loss : 0.3556 | accuracy : 0.8250 | eval_s : 0.5753  ]
[2026-09-01 03:21:28,211][__main__][INFO] - [RANK 0] [ Train | Step: 100000 |  loss : 0.3381 | accuracy : 0.8357 | opt_sps : 35.7427  ]
[2026-09-01 03:21:28,788][__main__][INFO] - [RANK 0] [ Eval  | Step: 100000 |  loss : 0.3556 | accuracy : 0.8259 | eval_s : 0.5758  ]
[2026-09-01 03:21:28,789][__main__][INFO] - [RANK 0] loading best model
[2026-09-01 03:21:28,794][__main__][INFO] - [RANK 0] [Eval  | Summary |  best_loss : 0.3554 | best_step : 92000.0000 ]
[2026-09-01 03:21:29,370][__main__][INFO] - [RANK 0] [Test  | Summary |  loss/loss : 0.3524 | callbacks/accuracy : 0.8297 | callbacks/non_relational_accuracy : 0.9968 | callbacks/binary_accuracy : 0.7920 | callbacks/ternary_accuracy : 0.7003 | callbacks/query_shape_accuracy : 0.9997 | callbacks/left_of_centre_accuracy : 0.9946 | callbacks/top_half_accuracy : 0.9961 | callbacks/closest_shape_accuracy : 0.6727 | callbacks/furthest_shape_accuracy : 0.7100 | callbacks/count_same_shape_accuracy : 0.9997 | callbacks/count_in_box_accuracy : 0.8176 | callbacks/on_band_accuracy : 0.7745 | callbacks/count_obtuse_accuracy : 0.5034 | timing/eval_s : 0.5762 ]
[2026-09-01 03:21:29,371][__main__][INFO] - [RANK 0] interventions: running ['phase_freeze', 'phase_shuffle', 'phase_zero']
[2026-09-01 03:21:53,935][__main__][INFO] - [RANK 0] [Test  | Summary |  interventions/baseline_accuracy : 0.8309 | interventions/baseline_ternary_accuracy : 0.7040 | interventions/baseline_binary_accuracy : 0.7917 | interventions/phase_freeze_accuracy : 0.2927 | interventions/phase_freeze_drop : 0.5382 | interventions/phase_freeze_ternary_accuracy : 0.2590 | interventions/phase_freeze_ternary_drop : 0.4450 | interventions/phase_freeze_binary_drop : 0.3498 | interventions/phase_freeze_query_shape_drop : 0.4816 | interventions/phase_freeze_left_of_centre_drop : 0.9931 | interventions/phase_freeze_top_half_drop : 0.9954 | interventions/phase_freeze_closest_shape_drop : 0.1544 | interventions/phase_freeze_furthest_shape_drop : 0.2169 | interventions/phase_freeze_count_same_shape_drop : 0.6872 | interventions/phase_freeze_count_in_box_drop : 0.1978 | interventions/phase_freeze_on_band_drop : 0.7778 | interventions/phase_freeze_count_obtuse_drop : 0.3545 | interventions/phase_shuffle_accuracy : 0.8306 | interventions/phase_shuffle_drop : 0.0003 | interventions/phase_shuffle_ternary_accuracy : 0.7036 | interventions/phase_shuffle_ternary_drop : 0.0004 | interventions/phase_shuffle_binary_drop : 0.0000 | interventions/phase_shuffle_query_shape_drop : 0.0003 | interventions/phase_shuffle_left_of_centre_drop : 0.0009 | interventions/phase_shuffle_top_half_drop : 0.0000 | interventions/phase_shuffle_closest_shape_drop : -0.0009 | interventions/phase_shuffle_furthest_shape_drop : 0.0009 | interventions/phase_shuffle_count_same_shape_drop : 0.0000 | interventions/phase_shuffle_count_in_box_drop : 0.0039 | interventions/phase_shuffle_on_band_drop : -0.0036 | interventions/phase_shuffle_count_obtuse_drop : 0.0009 | interventions/phase_zero_accuracy : 0.1553 | interventions/phase_zero_drop : 0.6756 | interventions/phase_zero_ternary_accuracy : 0.0293 | interventions/phase_zero_ternary_drop : 0.6747 | interventions/phase_zero_binary_drop : 0.7008 | interventions/phase_zero_query_shape_drop : 0.1562 | interventions/phase_zero_left_of_centre_drop : 0.9949 | interventions/phase_zero_top_half_drop : 0.8167 | interventions/phase_zero_closest_shape_drop : 0.4952 | interventions/phase_zero_furthest_shape_drop : 0.6681 | interventions/phase_zero_count_same_shape_drop : 0.9488 | interventions/phase_zero_count_in_box_drop : 0.7430 | interventions/phase_zero_on_band_drop : 0.7781 | interventions/phase_zero_count_obtuse_drop : 0.4985 ]
[2026-09-01 03:21:54,013][__main__][INFO] - [RANK 0] interventions: wrote /home/nik/workspace/ImperialWork/msc_project/SyncNetProject/outputs/sort_of_clevr/multirun/2026-09-01_02-32-30/0/viz/interventions.png
wandb: updating run metadata
wandb: uploading media/images/viz/interventions_100000_2423375fa02e3f25842a.png; uploading output.log; uploading wandb-summary.json; uploading config.yaml
wandb: uploading media/images/viz/interventions_100000_2423375fa02e3f25842a.png; uploading output.log; uploading wandb-summary.json
wandb: 
wandb: Run history:
wandb:                  eval_callbacks/accuracy ▁▁▂▃▃▃▃▃▃▃▃▃▃▄▄▄▄▅▆▇▇▇▇▇████████████████
wandb:           eval_callbacks/binary_accuracy ▁▁▁▃▆▆▆▆▆▆▆▆▆▆▆▇████████████████████████
wandb:    eval_callbacks/closest_shape_accuracy ▁▇▇▇▇▇▇▇▇▇▇▇▇▇▇▇▇▆▇▇▇▇▇▇▇█▇▇████████████
wandb:     eval_callbacks/count_in_box_accuracy ▁▁▁▁▁▁▁▁▁▁▁▁▁▁▁▁▁▁▁▁▁▂▃▄▄▅▆▆▇▇▇▇▇▇▇█████
wandb:     eval_callbacks/count_obtuse_accuracy ▂▂▃▂▂▃▃▃▁▃▃▂▃▃▃▂▃▃▃▄▄▅▆▆▆▆▆▇▇▇▇█▇███████
wandb: eval_callbacks/count_same_shape_accuracy ▁▁▆▆▆▆▆▆▆▆▆▆▆▆▆▆▆███████████████████████
wandb:   eval_callbacks/furthest_shape_accuracy ▁▅▇▇▇▇▇▇▆▇▇▇▆▆▇▇▇█▇█████████████████████
wandb:   eval_callbacks/left_of_centre_accuracy ▁▁▁▁▁▁▁▁▂▁▁▂▁▂▆█████████████████████████
wandb:   eval_callbacks/non_relational_accuracy ▁▁▁▂▂▂▂▂▂▂▂▂▂▂▂▃▃▃▄▇████████████████████
wandb:          eval_callbacks/on_band_accuracy ▁▁▁▁▁▂▂▁▁▂▃▃▃▄▃▃▄▅▆▆▇▇▇▇▇▇█▇▇▇█▇████████
wandb:                                      +22 ...
wandb: 
wandb: Run summary:
wandb:                           eval/best_loss 0.35536
wandb:                           eval/best_step 92000
wandb:                  eval_callbacks/accuracy 0.82593
wandb:           eval_callbacks/binary_accuracy 0.78748
wandb:    eval_callbacks/closest_shape_accuracy 0.67652
wandb:     eval_callbacks/count_in_box_accuracy 0.80954
wandb:     eval_callbacks/count_obtuse_accuracy 0.50081
wandb: eval_callbacks/count_same_shape_accuracy 0.99882
wandb:   eval_callbacks/furthest_shape_accuracy 0.69123
wandb:   eval_callbacks/left_of_centre_accuracy 0.99564
wandb:                                      +84 ...
wandb: 
wandb: 🚀 View run sort_of_clevr/busnet::multirun::2026-09-01_02-32-30::0 at: https://wandb.ai/niks_priv/sort_of_clevr/runs/8r9261hg
wandb: ⭐️ View project at: https://wandb.ai/niks_priv/sort_of_clevr
wandb: Synced 5 W&B file(s), 1 media file(s), 0 artifact file(s) and 0 other file(s)
wandb: Find logs at: ./outputs/sort_of_clevr/multirun/2026-09-01_02-32-30/0/wandb/run-20260901_023233-8r9261hg/logs
